// Vitest Snapshot v1, https://vitest.dev/guide/snapshot.html

exports[`PostForm > renders the component 1`] = `
<div>
  <div
    class="bg-white dark:bg-surface-dark shadow-md rounded-2xl p-6"
  >
    <textarea
      class="w-full p-4 bg-white dark:bg-gray-800 rounded-xl border border-gray-200 dark:border-gray-700 focus:outline-none focus:ring-2 focus:ring-indigo-200 dark:focus:ring-indigo-700 focus:border-transparent resize-none text-gray-700 dark:text-gray-200"
      placeholder="今、何を思う？"
      rows="3"
      style="height: 0px;"
    />
    <div
      class="flex justify-between items-center mt-4"
    >
      <span>
        280
      </span>
      <button>
        投稿
      </button>
    </div>
  </div>
</div>
`;
