// Vitest Snapshot v1, https://vitest.dev/guide/snapshot.html

exports[`Settings > renders the component 1`] = `
<div>
  <div
    class="bg-white dark:bg-gray-800 rounded-2xl shadow-md p-6"
  >
    <h2
      class="text-xl font-semibold mb-6 text-gray-800 dark:text-gray-200"
    >
      設定
    </h2>
    <div
      class="space-y-8"
    >
      <div
        class="bg-white dark:bg-gray-800 rounded-xl p-5 shadow-sm border border-gray-100 dark:border-gray-700"
      >
        <h3
          class="text-lg font-medium mb-4 text-gray-700 dark:text-gray-300"
        >
          クラウド同期
        </h3>
        <div
          class="space-y-3"
        >
          <label
            class="flex items-center space-x-3 p-2 hover:bg-gray-50 dark:hover:bg-gray-700 rounded-lg cursor-pointer transition-colors"
          >
            <input
              class="h-5 w-5 text-indigo-500 focus:ring-indigo-200"
              type="radio"
            />
            <span
              class="text-gray-700 dark:text-gray-300"
            >
              同期しない
            </span>
          </label>
          <label
            class="flex items-center space-x-3 p-2 hover:bg-gray-50 dark:hover:bg-gray-700 rounded-lg cursor-pointer transition-colors"
          >
            <input
              class="h-5 w-5 text-indigo-500 focus:ring-indigo-200"
              type="radio"
            />
            <span
              class="text-gray-700 dark:text-gray-300 flex items-center"
            >
              Google Drive
            </span>
          </label>
          <label
            class="flex items-center space-x-3 p-2 hover:bg-gray-50 dark:hover:bg-gray-700 rounded-lg cursor-pointer transition-colors"
          >
            <input
              class="h-5 w-5 text-indigo-500 focus:ring-indigo-200"
              type="radio"
            />
            <span
              class="text-gray-700 dark:text-gray-300 flex items-center"
            >
              iCloud
            </span>
          </label>
        </div>
      </div>
      <div
        class="bg-white dark:bg-gray-800 rounded-xl p-5 shadow-sm border border-gray-100 dark:border-gray-700"
        style="opacity: 0; height: 0px;"
      >
        <button
          class="px-5 py-2.5 rounded-xl font-medium transition-all duration-200 bg-indigo-500 text-white hover:bg-indigo-600 shadow-sm"
          tabindex="0"
        >
          <span
            class="flex items-center"
          >
            <svg
              class="w-5 h-5 mr-2 "
              fill="none"
              stroke="currentColor"
              viewBox="0 0 24 24"
              xmlns="http://www.w3.org/2000/svg"
            >
              <path
                d="M4 4v5h.582m15.356 2A8.001 8.001 0 004.582 9m0 0H9m11 11v-5h-.581m0 0a8.003 8.003 0 01-15.357-2m15.357 2H15"
                stroke-linecap="round"
                stroke-linejoin="round"
                stroke-width="2"
              />
            </svg>
            今すぐ同期
          </span>
        </button>
        <div
          class="mt-3 text-sm"
        />
      </div>
      <div
        class="bg-white dark:bg-gray-800 rounded-xl p-5 shadow-sm border border-gray-100 dark:border-gray-700"
      >
        <h3
          class="text-lg font-medium mb-4 text-gray-700 dark:text-gray-300"
        >
          テーマ
        </h3>
        <button
          class="px-5 py-2.5 bg-gray-100 hover:bg-gray-200 dark:bg-gray-700 dark:hover:bg-gray-600 text-gray-700 dark:text-gray-300 rounded-xl transition-colors duration-200 flex items-center"
        >
          <svg
            class="w-5 h-5 mr-2"
            fill="none"
            stroke="currentColor"
            viewBox="0 0 24 24"
            xmlns="http://www.w3.org/2000/svg"
          >
            <path
              d="M20.354 15.354A9 9 0 018.646 3.646 9.003 9.003 0 0012 21a9.003 9.003 0 008.354-5.646z"
              stroke-linecap="round"
              stroke-linejoin="round"
              stroke-width="2"
            />
          </svg>
          ダーク/ライトモード切替
        </button>
      </div>
    </div>
  </div>
</div>
`;
